JSCompiler_StaticMethods__peek_at:ri
JSCompiler_StaticMethods__run:pi
JSCompiler_StaticMethods__set_opts:si
JSCompiler_StaticMethods_addCallbackEntry_:hq
JSCompiler_StaticMethods_addCallbacks:Kr
JSCompiler_StaticMethods_addChildPromise_:cq
JSCompiler_StaticMethods_add_after_render:Xh
JSCompiler_StaticMethods_assoc_BANG_:Tf
JSCompiler_StaticMethods_cancelInternal_:eq
JSCompiler_StaticMethods_check_:Gr
JSCompiler_StaticMethods_cleanUpTimeoutTimer_:tr
JSCompiler_StaticMethods_cleanUpXhr_:wr
JSCompiler_StaticMethods_cleanup:Ev
JSCompiler_StaticMethods_cleanupKeysArray_:Fk
JSCompiler_StaticMethods_clearOutstandingEvents_:Pq
JSCompiler_StaticMethods_cljs$core$IMultiFn$_add_method$arity$3:ln
JSCompiler_StaticMethods_cljs$core$IMultiFn$_get_method$arity$2:kn
JSCompiler_StaticMethods_cljs$core$ITransientVector$_assoc_n_BANG_$arity$3:df
JSCompiler_StaticMethods_cljs$core$async$impl$channels$MMC$abort$arity$1:Tv
JSCompiler_StaticMethods_cljs$core$async$impl$protocols$Buffer$full_QMARK_$arity$1:Gv
JSCompiler_StaticMethods_convert:Es
JSCompiler_StaticMethods_createInstance:nr
JSCompiler_StaticMethods_decodeArray:Ls
JSCompiler_StaticMethods_dispatchErrors_:vr
JSCompiler_StaticMethods_disposeObject:Hq
JSCompiler_StaticMethods_div:Tj
JSCompiler_StaticMethods_emitString:mt
JSCompiler_StaticMethods_enforceReadOnly:Lk
JSCompiler_StaticMethods_ensureKeyMapInitialized_:Wk
JSCompiler_StaticMethods_entry_at:tm
JSCompiler_StaticMethods_executeCallback_:gq
JSCompiler_StaticMethods_fireListeners:gr
JSCompiler_StaticMethods_fire_:Ir
JSCompiler_StaticMethods_flush_after_render:Vh
JSCompiler_StaticMethods_getKeyName_:Xk
JSCompiler_StaticMethods_getOptions:jr
JSCompiler_StaticMethods_getProgId_:kr
JSCompiler_StaticMethods_getReadyState:yr
JSCompiler_StaticMethods_getResponse:Cr
JSCompiler_StaticMethods_getStatus:zr
JSCompiler_StaticMethods_hasErrback_:Lr
JSCompiler_StaticMethods_isSuccess:Ar
JSCompiler_StaticMethods_isZero:Uj
JSCompiler_StaticMethods_markAsRemoved:Aq
JSCompiler_StaticMethods_negate:Pj
JSCompiler_StaticMethods_onReadyStateChangeHelper_:xr
JSCompiler_StaticMethods_parseString:Ks
JSCompiler_StaticMethods_popEntry_:fq
JSCompiler_StaticMethods_releaseObject:Gq
JSCompiler_StaticMethods_removeByKey:Dq
JSCompiler_StaticMethods_resolve_:Xp
JSCompiler_StaticMethods_schedule:Wh
JSCompiler_StaticMethods_scheduleCallbacks_:iq
JSCompiler_StaticMethods_setCreateObjectFn:Fq
JSCompiler_StaticMethods_setQueryData:Mk
JSCompiler_StaticMethods_setResponseType:sr
JSCompiler_StaticMethods_shiftRightUnsigned:Xj
JSCompiler_StaticMethods_sval:Md
JSCompiler_StaticMethods_toNumber:Sj
JSCompiler_StaticMethods_toTraceString:Lq
JSCompiler_StaticMethods_unbounded_unshift:Dv
JSCompiler_StaticMethods_updateResult_:Hr
JSCompiler_inline_result$jscomp$258:Fp
JSCompiler_prototypeAlias:g
JSCompiler_temp$jscomp$257:qq
L 0:a
L 1:b
L 10:n
L 11:q
L 12:t
L 13:x
L 14:F
L 15:J
L 16:U
L 17:aa
L 18:ja
L 19:ua
L 2:c
L 20:Ha
L 21:da
L 22:p
L 23:y
L 24:A
L 25:C
L 26:E
L 27:G
L 28:H
L 29:N
L 3:d
L 30:P
L 31:S
L 32:T
L 33:Y
L 34:ca
L 35:fa
L 36:na
L 37:ta
L 38:Aa
L 39:Ga
L 4:e
L 40:Za
L 41:Eb
L 42:Fc
L 43:Nd
L 44:lm
L 45:dl
L 5:f
L 6:h
L 7:k
L 8:l
L 9:m
arr$jscomp$inline_1359:Bp
cached_hierarchy__4715__auto__$jscomp$inline_2267:Dw
cljs:qa
cljs$core:ra
cljs$core$ArrayChunk:Pd
cljs$core$ArrayIter:Al
cljs$core$ArrayNode:Df
cljs$core$ArrayNodeIterator:Hf
cljs$core$ArrayNodeSeq:Of
cljs$core$Atom:pe
cljs$core$BitmapIndexedNode:zf
cljs$core$BitmapIndexedNode$EMPTY:Cf
cljs$core$BlackNode:im
cljs$core$Box:sf
cljs$core$ChunkBuffer:Od
cljs$core$ChunkedCons:Qd
cljs$core$ChunkedSeq:Ye
cljs$core$Cons:Hd
cljs$core$EMPTY:Gl
cljs$core$ES6EntriesIterator:hf
cljs$core$ES6Iterator:xc
cljs$core$ES6IteratorSeq:zc
cljs$core$ES6SetEntriesIterator:jf
cljs$core$Eduction:Lm
cljs$core$Empty:Fl
cljs$core$EmptyList:Gd
cljs$core$ExceptionInfo:on
cljs$core$Fn:Qa
cljs$core$HashCollisionNode:Lf
cljs$core$HashMapIter:Qf
cljs$core$HashSetIter:$f
cljs$core$IAssociative:hb
cljs$core$ICollection:Wa
cljs$core$ICounted:Sa
cljs$core$IEmptyableCollection:Ua
cljs$core$IEncodeClojure:Mm
cljs$core$IEncodeJS:zg
cljs$core$IFind:cl
cljs$core$IFn:Ra
cljs$core$IIndexed:Ya
cljs$core$IIndexed$_nth$dyn_40789:ab
cljs$core$IIterable:bc
cljs$core$IKVReduce:Cb
cljs$core$IList:Kb
cljs$core$ILookup:eb
cljs$core$ILookup$_lookup$dyn_40795:gb
cljs$core$IMap:lb
cljs$core$IMeta:wb
cljs$core$INIT:je
cljs$core$INext:db
cljs$core$IPrintWithWriter:Nb
cljs$core$IRecord:Lb
cljs$core$IReduce:zb
cljs$core$IReduce$_reduce$dyn_40820:Bb
cljs$core$ISeq:bb
cljs$core$ISeqable:Hb
cljs$core$ISequential:Jb
cljs$core$ISet:pb
cljs$core$ISwap$_swap_BANG_$dyn_40874:ac
cljs$core$ITER_SYMBOL:La
cljs$core$IVector:tb
cljs$core$IndexedSeq:sc
cljs$core$IndexedSeqIterator:Sc
cljs$core$IntegerRange:Bm
cljs$core$IntegerRangeChunk:zm
cljs$core$Iterate:Rl
cljs$core$KeySeq:Uf
cljs$core$Keyword:K
cljs$core$LazySeq:Ld
cljs$core$List:Yc
cljs$core$List$EMPTY:vc
cljs$core$Many:Cl
cljs$core$MapEntry:Le
cljs$core$MetaFn:dd
cljs$core$MultiFn:bn
cljs$core$NONE:Dl
cljs$core$NeverEquiv:ef
cljs$core$NodeIterator:yf
cljs$core$NodeSeq:Mf
cljs$core$PROTOCOL_SENTINEL:u
cljs$core$PersistentArrayMap:za
cljs$core$PersistentArrayMap$EMPTY:ie
cljs$core$PersistentArrayMap$HASHMAP_THRESHOLD:pf
cljs$core$PersistentArrayMap$createAsIfByAssoc:ll
cljs$core$PersistentArrayMap$fromArray:bm
cljs$core$PersistentArrayMapIterator:lf
cljs$core$PersistentArrayMapSeq:kf
cljs$core$PersistentHashMap:Rf
cljs$core$PersistentHashMap$EMPTY:qf
cljs$core$PersistentHashMap$fromArrays:dm
cljs$core$PersistentHashSet:ag
cljs$core$PersistentHashSet$EMPTY:cg
cljs$core$PersistentQueue:$l
cljs$core$PersistentQueue$EMPTY:am
cljs$core$PersistentQueueIter:Yl
cljs$core$PersistentQueueSeq:Zl
cljs$core$PersistentTreeMap:sm
cljs$core$PersistentTreeMapSeq:fm
cljs$core$PersistentTreeSet:vm
cljs$core$PersistentVector:Z
cljs$core$PersistentVector$EMPTY:Xc
cljs$core$PersistentVector$EMPTY_NODE:Me
cljs$core$PersistentVector$fromArray:Se
cljs$core$RSeq:hl
cljs$core$Range:Cm
cljs$core$RangeIterator:Am
cljs$core$RangedIterator:He
cljs$core$RedNode:hm
cljs$core$Reduced:Gc
cljs$core$Repeat:Pl
cljs$core$START:ke
cljs$core$SeqIter:le
cljs$core$Single:El
cljs$core$StringBufferWriter:dc
cljs$core$StringIter:zl
cljs$core$Subvec:$e
cljs$core$Symbol:pc
cljs$core$TransformerIterator:Il
cljs$core$TransientArrayMap:of
cljs$core$TransientHashMap:Sf
cljs$core$TransientHashSet:bg
cljs$core$TransientVector:Ne
cljs$core$UNREALIZED_SEED:Ql
cljs$core$UUID:nn
cljs$core$ValSeq:Vf
cljs$core$VectorNode:we
cljs$core$_EQ_:wc
cljs$core$_STAR_print_fn_STAR_:va
cljs$core$_STAR_print_level_STAR_:xa
cljs$core$_STAR_print_newline_STAR_:wa
cljs$core$__destructure_map:fe
cljs$core$_add_watch:Pb
cljs$core$_as_transient:Sb
cljs$core$_assoc:jb
cljs$core$_assoc_BANG_:Vb
cljs$core$_assoc_n:ub
cljs$core$_chunked_first:Xb
cljs$core$_chunked_rest:Yb
cljs$core$_clj__GT_js:Ag
cljs$core$_clone:al
cljs$core$_conj:Xa
cljs$core$_conj_BANG_:Tb
cljs$core$_contains_key_QMARK_:ib
cljs$core$_count:Ta
cljs$core$_deref:vb
cljs$core$_disjoin:qb
cljs$core$_dissoc:mb
cljs$core$_drop_first:Wb
cljs$core$_empty:Va
cljs$core$_equiv:Fb
cljs$core$_find:kb
cljs$core$_first:D
cljs$core$_global_hierarchy:Qm
cljs$core$_hash:Gb
cljs$core$_indexOf$cljs$0core$0IFn$0_invoke$0arity$03:R
cljs$core$_iterator:cc
cljs$core$_js__GT_clj:Nm
cljs$core$_key:nb
cljs$core$_kv_reduce:Db
cljs$core$_lastIndexOf$cljs$0core$0IFn$0_invoke$0arity$03:W
cljs$core$_lookup:fb
cljs$core$_meta:xb
cljs$core$_name:el
cljs$core$_namespace:fl
cljs$core$_next:bl
cljs$core$_nth:$a
cljs$core$_peek:rb
cljs$core$_persistent_BANG_:Ub
cljs$core$_pop:sb
cljs$core$_pr_writer:Ob
cljs$core$_reduce:Ab
cljs$core$_remove_watch:Rb
cljs$core$_reset_BANG_:Zb
cljs$core$_rest:cb
cljs$core$_seq:Ib
cljs$core$_swap_BANG_:$b
cljs$core$_val:ob
cljs$core$_with_meta:yb
cljs$core$_write:Mb
cljs$core$aclone:Ma
cljs$core$apply:ed
cljs$core$apply$cljs$0core$0IFn$0_invoke$0arity$02:be
cljs$core$apply$cljs$0core$0IFn$0_invoke$0arity$03:ce
cljs$core$apply$cljs$0core$0IFn$0_invoke$0arity$05:de
cljs$core$apply$cljs$0core$0IFn$0_invoke$0arity$0variadic:ee
cljs$core$apply_to:Wd
cljs$core$apply_to_simple$cljs$0core$0IFn$0_invoke$0arity$03:Yd
cljs$core$apply_to_simple$cljs$0core$0IFn$0_invoke$0arity$04:Zd
cljs$core$apply_to_simple$cljs$0core$0IFn$0_invoke$0arity$05:$d
cljs$core$apply_to_simple$cljs$0core$0IFn$0_invoke$0arity$06:ae
cljs$core$array_QMARK_:Ja
cljs$core$array__GT_transient_hash_map:rf
cljs$core$array_copy:qd
cljs$core$array_for:Ee
cljs$core$array_index_of:ad
cljs$core$array_map:um
cljs$core$array_reduce$cljs$0core$0IFn$0_invoke$0arity$02:Lc
cljs$core$array_reduce$cljs$0core$0IFn$0_invoke$0arity$03:Mc
cljs$core$array_reduce$cljs$0core$0IFn$0_invoke$0arity$04:Nc
cljs$core$assoc:$c
cljs$core$assoc_BANG_:xl
cljs$core$assoc_in:Ul
cljs$core$async:qv
cljs$core$async$chan$cljs$0core$0IFn$0_invoke$0arity$03:ew
cljs$core$async$fhnop:vv
cljs$core$async$fn_handler$cljs$0core$0IFn$0_invoke$0arity$02:dw
cljs$core$async$impl:sv
cljs$core$async$impl$buffers$FixedBuffer:Fv
cljs$core$async$impl$buffers$RingBuffer:Cv
cljs$core$async$impl$buffers$acopy:Bv
cljs$core$async$impl$channels:Nv
cljs$core$async$impl$channels$ManyToManyChannel:Sv
cljs$core$async$impl$channels$PutBox:Qv
cljs$core$async$impl$channels$box:Pv
cljs$core$async$impl$channels$chan$cljs$0core$0IFn$0_invoke$0arity$03:Wv
cljs$core$async$impl$channels$ex_handler:Uv
cljs$core$async$impl$channels$handle:Vv
cljs$core$async$impl$channels$put_active_QMARK_:Rv
cljs$core$async$impl$channels$t_cljs$0core$0async$0impl$0channels28087:Ov
cljs$core$async$impl$dispatch$process_messages:Kv
cljs$core$async$impl$dispatch$queue_dispatcher:Lv
cljs$core$async$impl$dispatch$queued_QMARK_:Jv
cljs$core$async$impl$dispatch$run:Mv
cljs$core$async$impl$dispatch$running_QMARK_:Iv
cljs$core$async$impl$dispatch$tasks:Hv
cljs$core$async$impl$ioc_helpers:Xv
cljs$core$async$impl$ioc_helpers$fn_handler:Zv
cljs$core$async$impl$ioc_helpers$put_BANG_:bw
cljs$core$async$impl$ioc_helpers$return_chan:cw
cljs$core$async$impl$ioc_helpers$run_state_machine_wrapped:$v
cljs$core$async$impl$ioc_helpers$t_cljs$0core$0async$0impl$0ioc_helpers28113:Yv
cljs$core$async$impl$ioc_helpers$take_BANG_:aw
cljs$core$async$impl$protocols$active_QMARK_:xv
cljs$core$async$impl$protocols$add_BANG_:Av
cljs$core$async$impl$protocols$add_BANG__STAR_:zv
cljs$core$async$impl$protocols$close_BANG_:wv
cljs$core$async$impl$protocols$commit:yv
cljs$core$async$impl$protocols$put_BANG_:uv
cljs$core$async$impl$protocols$take_BANG_:tv
cljs$core$async$map$cljs$0core$0IFn$0_invoke$0arity$02:iw
cljs$core$async$map$cljs$0core$0IFn$0_invoke$0arity$03:jw
cljs$core$async$pipe$cljs$0core$0IFn$0_invoke$0arity$03:hw
cljs$core$async$put_BANG_$cljs$0core$0IFn$0_invoke$0arity$02:gw
cljs$core$async$t_cljs$0core$0async28245:rv
cljs$core$async$take_BANG_$cljs$0core$0IFn$0_invoke$0arity$03:fw
cljs$core$atom$cljs$0core$0IFn$0_invoke$0arity$01:Nl
cljs$core$balance_left:gm
cljs$core$balance_left_del:km
cljs$core$balance_right:jm
cljs$core$balance_right_del:mm
cljs$core$bit_count:Fd
cljs$core$boolean$0:sd
cljs$core$bounded_count:Td
cljs$core$build_subvec:af
cljs$core$char$0:ql
cljs$core$char_escapes:jg
cljs$core$chunkIteratorSeq:Hl
cljs$core$chunk_append:Sd
cljs$core$chunk_cons:Rd
cljs$core$chunked_seq:Re
cljs$core$chunked_seq$cljs$0core$0IFn$0_invoke$0arity$04:Qe
cljs$core$chunked_seq$cljs$0core$0IFn$0_invoke$0arity$05:Ze
cljs$core$chunked_seq_QMARK_:pd
cljs$core$ci_reduce$cljs$0core$0IFn$0_invoke$0arity$02:Jc
cljs$core$ci_reduce$cljs$0core$0IFn$0_invoke$0arity$03:Kc
cljs$core$clj__GT_js:Cg
cljs$core$clone_and_set$cljs$0core$0IFn$0_invoke$0arity$03:uf
cljs$core$coll_QMARK_:jd
cljs$core$completing$cljs$0core$0IFn$0_invoke$0arity$02:ol
cljs$core$concat:wl
cljs$core$conj:Wc
cljs$core$conj_BANG_:Vd
cljs$core$cons:Uc
cljs$core$constantly:Ll
cljs$core$contains_QMARK_:vd
cljs$core$count:V
cljs$core$counted_QMARK_:Oc
cljs$core$create_array_node_seq:Jf
cljs$core$create_array_node_seq$cljs$0core$0IFn$0_invoke$0arity$01:If
cljs$core$create_array_node_seq$cljs$0core$0IFn$0_invoke$0arity$03:cm
cljs$core$create_inode_seq:Bf
cljs$core$create_inode_seq$cljs$0core$0IFn$0_invoke$0arity$01:Af
cljs$core$create_inode_seq$cljs$0core$0IFn$0_invoke$0arity$03:Nf
cljs$core$create_node:Ff
cljs$core$create_node$cljs$0core$0IFn$0_invoke$0arity$06:Gf
cljs$core$create_node$cljs$0core$0IFn$0_invoke$0arity$07:Ef
cljs$core$dec:pl
cljs$core$deref:Ic
cljs$core$disj:hd
cljs$core$dissoc:bd
cljs$core$do_assoc:Fe
cljs$core$doall$cljs$0core$0IFn$0_invoke$0arity$01:Hm
cljs$core$dominates:Zm
cljs$core$dorun$cljs$0core$0IFn$0_invoke$0arity$01:Gm
cljs$core$drop$cljs$0core$0IFn$0_invoke$0arity$02:te
cljs$core$drop_last$cljs$0core$0IFn$0_invoke$0arity$02:ue
cljs$core$edit_and_set$cljs$0core$0IFn$0_invoke$0arity$04:wf
cljs$core$empty:kl
cljs$core$empty_QMARK_:id
cljs$core$empty_ordered_hash:Bc
cljs$core$empty_unordered_hash:Dc
cljs$core$enable_console_print_BANG_:Ia
cljs$core$equiv_map:gf
cljs$core$equiv_sequential:Tc
cljs$core$es6_iterator:yc
cljs$core$es6_iterator_seq:tc
cljs$core$even_QMARK_:Kl
cljs$core$every_QMARK_:me
cljs$core$find:nl
cljs$core$find_and_cache_best_method:$m
cljs$core$first:O
cljs$core$fn_QMARK_:cd
cljs$core$frequencies:Em
cljs$core$gensym$cljs$0core$0IFn$0_invoke$0arity$01:yg
cljs$core$gensym_counter:xg
cljs$core$get:I
cljs$core$get_global_hierarchy:Rm
cljs$core$hash:nc
cljs$core$hash_collision_node_find_index:Kf
cljs$core$hash_combine:oc
cljs$core$hash_map:ge
cljs$core$hash_ordered_coll:Ac
cljs$core$hash_string:mc
cljs$core$hash_unordered_coll:Cc
cljs$core$identity:Cd
cljs$core$ifn_QMARK_:td
cljs$core$imul:fc
cljs$core$inc:Ec
cljs$core$indexed_QMARK_:Pc
cljs$core$inode_kv_reduce:xf
cljs$core$integer_QMARK_:ud
cljs$core$interleave:Sl
cljs$core$into:ve
cljs$core$into_array$cljs$0core$0IFn$0_invoke$0arity$02:Na
cljs$core$isa_QMARK_$cljs$0core$0IFn$0_invoke$0arity$03:Vm
cljs$core$iter:Bl
cljs$core$iter_reduce$cljs$0core$0IFn$0_invoke$0arity$02:yd
cljs$core$iter_reduce$cljs$0core$0IFn$0_invoke$0arity$03:zd
cljs$core$iterable_QMARK_:rc
cljs$core$js__GT_clj$cljs$0core$0IFn$0_invoke$0arity$0variadic:Om
cljs$core$juxt$cljs$0core$0IFn$0_invoke$0arity$02:Fm
cljs$core$keep$cljs$0core$0IFn$0_invoke$0arity$02:oe
cljs$core$key:Ve
cljs$core$key__GT_js$cljs$0core$0IFn$0_invoke$0arity$02:Bg
cljs$core$key_test:tf
cljs$core$keys:mf
cljs$core$keyword:Jd
cljs$core$keyword_identical_QMARK_:tl
cljs$core$lift_ns:ug
cljs$core$linear_traversal_nth$cljs$0core$0IFn$0_invoke$0arity$03:Zc
cljs$core$list:sl
cljs$core$list_QMARK_:rl
cljs$core$lookup_sentinel:rd
cljs$core$m3_fmix:ic
cljs$core$m3_hash_unencoded_chars:jc
cljs$core$m3_mix_H1:hc
cljs$core$m3_mix_K1:gc
cljs$core$map:se
cljs$core$map_QMARK_:md
cljs$core$map_entry_QMARK_:Ue
cljs$core$mapv$cljs$0core$0IFn$0_invoke$0arity$02:Tl
cljs$core$merge:Wf
cljs$core$meta:gd
cljs$core$missing_protocol:z
cljs$core$name:Kd
cljs$core$namespace:Id
cljs$core$native_satisfies_QMARK_:w
cljs$core$never_equiv:ff
cljs$core$new_path:Ae
cljs$core$newline$cljs$0core$0IFn$0_invoke$0arity$01:Jm
cljs$core$next:Q
cljs$core$next_STAR_:Xd
cljs$core$nil_QMARK_:Yk
cljs$core$nil_iter:he
cljs$core$not:Zk
cljs$core$not_EQ_$cljs$0core$0IFn$0_invoke$0arity$02:yl
cljs$core$nth:Rc
cljs$core$nth$cljs$0core$0IFn$0_invoke$0arity$02:Qc
cljs$core$nth$cljs$0core$0IFn$0_invoke$0arity$03:X
cljs$core$object_array$cljs$0core$0IFn$0_invoke$0arity$01:vl
cljs$core$parents$cljs$0core$0IFn$0_invoke$0arity$01:Wm
cljs$core$partial:Ml
cljs$core$pop_tail:Ge
cljs$core$pr_opts:ya
cljs$core$pr_sequential_writer:fg
cljs$core$pr_str_STAR_:ec
cljs$core$pr_str_with_opts:rg
cljs$core$pr_writer:ng
cljs$core$pr_writer_impl:mg
cljs$core$prefers_STAR_:Ym
cljs$core$prim_seq$cljs$0core$0IFn$0_invoke$0arity$02:Vc
cljs$core$print_map:og
cljs$core$print_meta_QMARK_:lg
cljs$core$print_prefix_map:vg
cljs$core$prn$cljs$0core$0IFn$0_invoke$0arity$0variadic:Km
cljs$core$push_tail:Be
cljs$core$pv_clone_node:ye
cljs$core$pv_fresh_node:xe
cljs$core$pv_reduce$cljs$0core$0IFn$0_invoke$0arity$04:Je
cljs$core$pv_reduce$cljs$0core$0IFn$0_invoke$0arity$05:Ke
cljs$core$quot:Ed
cljs$core$quote_string:kg
cljs$core$ranged_iterator:Ie
cljs$core$re_find:Im
cljs$core$re_matches:eg
cljs$core$record_QMARK_:nd
cljs$core$reduce:Pa
cljs$core$reduce$cljs$0core$0IFn$0_invoke$0arity$02:Ad
cljs$core$reduce$cljs$0core$0IFn$0_invoke$0arity$03:Oa
cljs$core$reduce_kv:Bd
cljs$core$reduced_QMARK_:Hc
cljs$core$remove_pair:vf
cljs$core$replace$cljs$0core$0IFn$0_invoke$0arity$02:wm
cljs$core$reset_BANG_:qe
cljs$core$reset_cache:Xm
cljs$core$rest:uc
cljs$core$second:jl
cljs$core$select_keys:Xf
cljs$core$seq:M
cljs$core$seq_QMARK_:ml
cljs$core$seq_reduce:il
cljs$core$seq_reduce$cljs$0core$0IFn$0_invoke$0arity$02:wd
cljs$core$seq_reduce$cljs$0core$0IFn$0_invoke$0arity$03:xd
cljs$core$sequential_QMARK_:ld
cljs$core$set:dg
cljs$core$set_QMARK_:kd
cljs$core$some:ne
cljs$core$spread:Ud
cljs$core$str:B
cljs$core$string_hash_cache:kc
cljs$core$string_hash_cache_count:lc
cljs$core$string_print:ig
cljs$core$strip_ns:tg
cljs$core$swap_BANG_:re
cljs$core$symbol:qc
cljs$core$t_cljs$0core39639:sa
cljs$core$tail_off:ze
cljs$core$take$cljs$0core$0IFn$0_invoke$0arity$02:Ol
cljs$core$take_nth$cljs$0core$0IFn$0_invoke$0arity$02:Dm
cljs$core$throw_no_method_error:an
cljs$core$to_array:ul
cljs$core$transduce$cljs$0core$0IFn$0_invoke$0arity$04:Dd
cljs$core$transformer_iterator:Jl
cljs$core$tree_map_add:om
cljs$core$tree_map_append:pm
cljs$core$tree_map_kv_reduce:nm
cljs$core$tree_map_remove:qm
cljs$core$tree_map_replace:rm
cljs$core$tree_map_seq_push:em
cljs$core$truth_:v
cljs$core$tv_editable_root:Oe
cljs$core$tv_editable_tail:Pe
cljs$core$tv_ensure_editable:bf
cljs$core$tv_push_tail:cf
cljs$core$type:$k
cljs$core$type__GT_str:Ka
cljs$core$unchecked_array_for:De
cljs$core$unreduced:gl
cljs$core$update$cljs$0core$0IFn$0_invoke$0arity$03:Wl
cljs$core$update_in:Vl
cljs$core$val:We
cljs$core$vals:nf
cljs$core$vec:Te
cljs$core$vector:Xe
cljs$core$vector_QMARK_:od
cljs$core$vector_index_out_of_bounds:Ce
cljs$core$with_meta:fd
cljs$core$write_all$cljs$0core$0IFn$0_invoke$0arity$0variadic:hg
cljs$core$zipmap:ym
cljs$cst$keyword$abort:Hn
cljs$cst$keyword$accept:mo
cljs$cst$keyword$access_DASH_denied:Tn
cljs$cst$keyword$alt_DASH_impl:pg
cljs$cst$keyword$ancestors:Um
cljs$cst$keyword$array_DASH_buffer:io
cljs$cst$keyword$auto_DASH_run:Gg
cljs$cst$keyword$basic_DASH_auth:Vn
cljs$cst$keyword$blob:yn
cljs$cst$keyword$body:zo
cljs$cst$keyword$br:Og
cljs$cst$keyword$callback:sh
cljs$cst$keyword$callback_DASH_name:po
cljs$cst$keyword$cancel:Io
cljs$cst$keyword$channel:To
cljs$cst$keyword$character:ao
cljs$cst$keyword$childContextTypes:Lg
cljs$cst$keyword$class:Ng
cljs$cst$keyword$className:oh
cljs$cst$keyword$cljsLegacyRender:Qg
cljs$cst$keyword$cljs_DOT_core_SLASH_not_DASH_found:Zf
cljs$cst$keyword$col:Co
cljs$cst$keyword$column:Xo
cljs$cst$keyword$componentWillUnmount:ch
cljs$cst$keyword$component_DASH_did_DASH_update:Yg
cljs$cst$keyword$component_DASH_will_DASH_unmount:nh
cljs$cst$keyword$constructor:Kg
cljs$cst$keyword$content_DASH_type:vn
cljs$cst$keyword$contextType:dh
cljs$cst$keyword$contextTypes:kh
cljs$cst$keyword$custom_DASH_error:Oo
cljs$cst$keyword$decoding:Yn
cljs$cst$keyword$decoding_DASH_opts:Rn
cljs$cst$keyword$default:jn
cljs$cst$keyword$default_DASH_headers:oo
cljs$cst$keyword$delete:tn
cljs$cst$keyword$descendants:Tm
cljs$cst$keyword$direction:Jn
cljs$cst$keyword$displayName:Hg
cljs$cst$keyword$display_DASH_name:jh
cljs$cst$keyword$div:hh
cljs$cst$keyword$document:Fn
cljs$cst$keyword$download:eo
cljs$cst$keyword$dup:Ea
cljs$cst$keyword$edn_DASH_params:Bn
cljs$cst$keyword$encoding:Uo
cljs$cst$keyword$encoding_DASH_opts:go
cljs$cst$keyword$eof:so
cljs$cst$keyword$error_DASH_code:Sn
cljs$cst$keyword$error_DASH_text:bo
cljs$cst$keyword$ex_DASH_kind:Ho
cljs$cst$keyword$exception:Un
cljs$cst$keyword$fallback_DASH_impl:qg
cljs$cst$keyword$ff_DASH_silent_DASH_error:ro
cljs$cst$keyword$file:ep
cljs$cst$keyword$file_DASH_not_DASH_found:ko
cljs$cst$keyword$flush_DASH_on_DASH_newline:Ba
cljs$cst$keyword$form:eh
cljs$cst$keyword$form_DASH_params:$o
cljs$cst$keyword$function_DASH_components:$g
cljs$cst$keyword$get:xn
cljs$cst$keyword$getDerivedStateFromError:Jg
cljs$cst$keyword$getDerivedStateFromProps:fh
cljs$cst$keyword$getInitialState:Ug
cljs$cst$keyword$h2:Xg
cljs$cst$keyword$handlers:In
cljs$cst$keyword$head:vo
cljs$cst$keyword$headers:zn
cljs$cst$keyword$hierarchy:co
cljs$cst$keyword$http:Qn
cljs$cst$keyword$http_DASH_error:xo
cljs$cst$keyword$id:mh
cljs$cst$keyword$illegal_DASH_argument:Zn
cljs$cst$keyword$input:Mg
cljs$cst$keyword$json:Qo
cljs$cst$keyword$json_DASH_params:Go
cljs$cst$keyword$jsonp:So
cljs$cst$keyword$key:bh
cljs$cst$keyword$keyword:kp
cljs$cst$keyword$keyword_DASH_fn:Dg
cljs$cst$keyword$keywordize_DASH_keys:Pm
cljs$cst$keyword$keywordize_DASH_keys_QMARK_:wo
cljs$cst$keyword$line:un
cljs$cst$keyword$list:Wo
cljs$cst$keyword$loaded:rn
cljs$cst$keyword$map:yo
cljs$cst$keyword$meta:Da
cljs$cst$keyword$method:Cn
cljs$cst$keyword$more_DASH_marker:gg
cljs$cst$keyword$multipart_DASH_params:Nn
cljs$cst$keyword$name:Sg
cljs$cst$keyword$namespaced_DASH_map:Gn
cljs$cst$keyword$nil:Po
cljs$cst$keyword$no_DASH_cache:Wg
cljs$cst$keyword$no_DASH_error:lo
cljs$cst$keyword$oauth_DASH_token:Jo
cljs$cst$keyword$offline:dp
cljs$cst$keyword$on_DASH_change:Eg
cljs$cst$keyword$on_DASH_click:Pg
cljs$cst$keyword$on_DASH_dispose:Ig
cljs$cst$keyword$on_DASH_set:Vg
cljs$cst$keyword$on_DASH_submit:ph
cljs$cst$keyword$on_DASH_write:ah
cljs$cst$keyword$p:fn
cljs$cst$keyword$parents:Sm
cljs$cst$keyword$parse_DASH_tag:qh
cljs$cst$keyword$password:pn
cljs$cst$keyword$patch:bp
cljs$cst$keyword$placeholder:Tg
cljs$cst$keyword$post:Vo
cljs$cst$keyword$print_DASH_length:Fa
cljs$cst$keyword$progress:wn
cljs$cst$keyword$put:qn
cljs$cst$keyword$query_DASH_params:Yo
cljs$cst$keyword$query_DASH_string:Wn
cljs$cst$keyword$readably:Ca
cljs$cst$keyword$reader_DASH_error:uo
cljs$cst$keyword$reader_DASH_exception:Ro
cljs$cst$keyword$readers:Xl
cljs$cst$keyword$reagentRender:Rg
cljs$cst$keyword$reagent_DASH_render:Zg
cljs$cst$keyword$recur:On
cljs$cst$keyword$render:Fg
cljs$cst$keyword$request:Do
cljs$cst$keyword$request_DASH_method:$n
cljs$cst$keyword$response_DASH_type:fp
cljs$cst$keyword$scheme:Fo
cljs$cst$keyword$server_DASH_name:cp
cljs$cst$keyword$server_DASH_port:Dn
cljs$cst$keyword$set:fo
cljs$cst$keyword$shouldComponentUpdate:lh
cljs$cst$keyword$status:Kn
cljs$cst$keyword$strable:ho
cljs$cst$keyword$string:An
cljs$cst$keyword$success:Ln
cljs$cst$keyword$symbol:jo
cljs$cst$keyword$tag:Mn
cljs$cst$keyword$text:gp
cljs$cst$keyword$timeout:sn
cljs$cst$keyword$total:Zo
cljs$cst$keyword$trace_DASH_redirects:En
cljs$cst$keyword$transit_DASH_opts:Pn
cljs$cst$keyword$transit_DASH_params:Lo
cljs$cst$keyword$type:rh
cljs$cst$keyword$upload:no
cljs$cst$keyword$uri:Ao
cljs$cst$keyword$url:Bo
cljs$cst$keyword$username:Mo
cljs$cst$keyword$val:wg
cljs$cst$keyword$validator:gh
cljs$cst$keyword$value:ih
cljs$cst$keyword$vector:qo
cljs$cst$keyword$with_DASH_credentials_QMARK_:ap
cljs$cst$symbol$Inf:No
cljs$cst$symbol$NaN:ip
cljs$cst$symbol$_DASH_Inf:Ko
cljs$cst$symbol$_SLASH_:Xn
cljs$cst$symbol$inst:Eo
cljs$cst$symbol$js:to
cljs$cst$symbol$queue:jp
cljs$cst$symbol$uuid:hp
cljs$reader$_STAR_default_data_reader_fn_STAR_:bv
cljs$reader$_STAR_tag_table_STAR_:cv
cljs$reader$check:$u
cljs$reader$days_in_month:Xu
cljs$reader$parse_and_validate_timestamp:av
cljs$reader$parse_int:Zu
cljs$reader$read_string:dv
cljs$reader$timestamp_regex:Yu
cljs$tools$reader$edn$dispatch_macros:yu
cljs$tools$reader$edn$escape_char:Mu
cljs$tools$reader$edn$macro_terminating_QMARK_:tu
cljs$tools$reader$edn$macros:uu
cljs$tools$reader$edn$not_constituent_QMARK_:vu
cljs$tools$reader$edn$read:Hu
cljs$tools$reader$edn$read$cljs$0core$0IFn$0_invoke$0arity$02:Vu
cljs$tools$reader$edn$read$cljs$0core$0IFn$0_invoke$0arity$04:Gu
cljs$tools$reader$edn$read_char_STAR_:Du
cljs$tools$reader$edn$read_delimited:Fu
cljs$tools$reader$edn$read_discard:Su
cljs$tools$reader$edn$read_dispatch:xu
cljs$tools$reader$edn$read_keyword:Pu
cljs$tools$reader$edn$read_list:Iu
cljs$tools$reader$edn$read_map:Ku
cljs$tools$reader$edn$read_meta:Qu
cljs$tools$reader$edn$read_namespaced_map:Tu
cljs$tools$reader$edn$read_number:Lu
cljs$tools$reader$edn$read_set:Ru
cljs$tools$reader$edn$read_string$cljs$0core$0IFn$0_invoke$0arity$02:Wu
cljs$tools$reader$edn$read_string_STAR_:Nu
cljs$tools$reader$edn$read_symbol:Ou
cljs$tools$reader$edn$read_symbolic_value:Uu
cljs$tools$reader$edn$read_tagged:zu
cljs$tools$reader$edn$read_token$cljs$0core$0IFn$0_invoke$0arity$04:wu
cljs$tools$reader$edn$read_unicode_char$cljs$0core$0IFn$0_invoke$0arity$04:Bu
cljs$tools$reader$edn$read_unicode_char$cljs$0core$0IFn$0_invoke$0arity$05:Cu
cljs$tools$reader$edn$read_unmatched_delimiter:Au
cljs$tools$reader$edn$read_vector:Ju
cljs$tools$reader$edn$starting_line_col_info:Eu
cljs$tools$reader$impl$commons$float_pattern:nu
cljs$tools$reader$impl$commons$int_pattern:lu
cljs$tools$reader$impl$commons$match_number:pu
cljs$tools$reader$impl$commons$matches_QMARK_:ou
cljs$tools$reader$impl$commons$parse_symbol:qu
cljs$tools$reader$impl$commons$ratio_pattern:mu
cljs$tools$reader$impl$commons$read_comment:ru
cljs$tools$reader$impl$commons$read_past:ku
cljs$tools$reader$impl$commons$throwing_reader:su
cljs$tools$reader$impl$errors$duplicate_keys_error:iu
cljs$tools$reader$impl$errors$eof_error$cljs$0core$0IFn$0_invoke$0arity$0variadic:bu
cljs$tools$reader$impl$errors$illegal_arg_error$cljs$0core$0IFn$0_invoke$0arity$0variadic:au
cljs$tools$reader$impl$errors$reader_error$cljs$0core$0IFn$0_invoke$0arity$0variadic:$t
cljs$tools$reader$impl$errors$throw_bad_char:eu
cljs$tools$reader$impl$errors$throw_bad_octal_number:hu
cljs$tools$reader$impl$errors$throw_dup_keys:ju
cljs$tools$reader$impl$errors$throw_eof_reading$cljs$0core$0IFn$0_invoke$0arity$0variadic:fu
cljs$tools$reader$impl$errors$throw_ex$cljs$0core$0IFn$0_invoke$0arity$0variadic:Zt
cljs$tools$reader$impl$errors$throw_invalid:du
cljs$tools$reader$impl$errors$throw_invalid_unicode_digit:gu
cljs$tools$reader$impl$errors$throw_odd_map:cu
cljs$tools$reader$impl$inspect$dispatch_inspect:hn
cljs$tools$reader$impl$inspect$inspect_STAR_:mn
cljs$tools$reader$impl$inspect$inspect_STAR__col:Yt
cljs$tools$reader$impl$utils$char_code:Ot
cljs$tools$reader$impl$utils$namespace_keys:Nt
cljs$tools$reader$impl$utils$numeric_QMARK_:Mt
cljs$tools$reader$impl$utils$whitespace_QMARK_:Lt
cljs$tools$reader$impl$utils$ws_rx:Kt
cljs$tools$reader$reader_types$PushbackReader:Wt
cljs$tools$reader$reader_types$StringReader:Vt
cljs$tools$reader$reader_types$get_column_number:Tt
cljs$tools$reader$reader_types$get_file_name:Ut
cljs$tools$reader$reader_types$get_line_number:St
cljs$tools$reader$reader_types$indexing_reader_QMARK_:Xt
cljs$tools$reader$reader_types$peek_char:Qt
cljs$tools$reader$reader_types$read_char:Pt
cljs$tools$reader$reader_types$unread:Rt
cljs_http$client$acc_param:rw
cljs_http$client$decode_body:xw
cljs_http$client$default_transit_opts:Bw
cljs_http$client$encode_param:ww
cljs_http$client$encode_val:uw
cljs_http$client$encode_vals:vw
cljs_http$client$get:Fw
cljs_http$client$get$cljs$0core$0IFn$0_invoke$0arity$0variadic:Gw
cljs_http$client$parse_query_params:sw
cljs_http$client$parse_url:tw
cljs_http$client$regex_char_esc_smap:xm
cljs_http$client$request:Ew
cljs_http$client$wrap_accept$cljs$0core$0IFn$0_invoke$0arity$0variadic:zw
cljs_http$client$wrap_basic_auth$cljs$0core$0IFn$0_invoke$0arity$0variadic:Cw
cljs_http$client$wrap_content_type$cljs$0core$0IFn$0_invoke$0arity$0variadic:Aw
cljs_http$client$wrap_default_headers$cljs$0core$0IFn$0_invoke$0arity$0variadic:yw
cljs_http$core$apply_default_headers_BANG_:lw
cljs_http$core$apply_response_type_BANG_:mw
cljs_http$core$build_xhr:nw
cljs_http$core$error_kw:ow
cljs_http$core$jsonp:qw
cljs_http$core$pending_requests:kw
cljs_http$core$xhr:pw
cljs_http$util$build_headers:nv
cljs_http$util$build_url:lv
cljs_http$util$camelize:mv
cljs_http$util$json_decode:ov
cljs_http$util$parse_headers:pv
clojure$set$difference:di
clojure$string$capitalize:lp
clojure$string$join$cljs$0core$0IFn$0_invoke$0arity$02:Bh
clojure$string$replace:Ah
clojure$string$replace_all:yh
clojure$string$replace_with:zh
clojure$string$split$cljs$0core$0IFn$0_invoke$0arity$02:mp
cognitect$transit$KeywordHandler:At
cognitect$transit$ListHandler:Ct
cognitect$transit$MapBuilder:xt
cognitect$transit$MapHandler:Dt
cognitect$transit$SetHandler:Et
cognitect$transit$SymbolHandler:Bt
cognitect$transit$UUIDHandler:Gt
cognitect$transit$VectorBuilder:yt
cognitect$transit$VectorHandler:Ft
cognitect$transit$WithMeta:Ht
cognitect$transit$WithMetaHandler:It
cognitect$transit$opts_merge:wt
cognitect$transit$reader$cljs$0core$0IFn$0_invoke$0arity$02:zt
cognitect$transit$writer$cljs$0core$0IFn$0_invoke$0arity$02:Jt
com$cognitect$transit$caching$ReadCache:es
com$cognitect$transit$caching$WriteCache:ds
com$cognitect$transit$caching$idxToCode:cs
com$cognitect$transit$caching$isCacheable:bs
com$cognitect$transit$eq$equals:gs
com$cognitect$transit$eq$hashArrayLike:ms
com$cognitect$transit$eq$hashCode:ls
com$cognitect$transit$eq$hashCodeCounter:fs
com$cognitect$transit$eq$hashCombine:hs
com$cognitect$transit$eq$hashMapLike:ks
com$cognitect$transit$eq$stringCodeCache:is
com$cognitect$transit$eq$stringCodeCacheSize:js
com$cognitect$transit$handlers$ArrayHandler:Ys
com$cognitect$transit$handlers$BooleanHandler:Xs
com$cognitect$transit$handlers$BufferHandler:it
com$cognitect$transit$handlers$DateHandler:at
com$cognitect$transit$handlers$Handlers:kt
com$cognitect$transit$handlers$IntegerHandler:Ws
com$cognitect$transit$handlers$KeywordHandler:ct
com$cognitect$transit$handlers$MapHandler:Zs
com$cognitect$transit$handlers$NilHandler:Ts
com$cognitect$transit$handlers$NumberHandler:Vs
com$cognitect$transit$handlers$StringHandler:Us
com$cognitect$transit$handlers$SymbolHandler:dt
com$cognitect$transit$handlers$TaggedHandler:et
com$cognitect$transit$handlers$TransitArrayMapHandler:gt
com$cognitect$transit$handlers$TransitMapHandler:ht
com$cognitect$transit$handlers$TransitSetHandler:ft
com$cognitect$transit$handlers$UUIDHandler:bt
com$cognitect$transit$handlers$Uint8ArrayHandler:jt
com$cognitect$transit$handlers$VerboseDateHandler:$s
com$cognitect$transit$handlers$ctorGuid:Os
com$cognitect$transit$handlers$ctorGuidProperty:Qs
com$cognitect$transit$handlers$padZeros:Ss
com$cognitect$transit$handlers$typeTag:Rs
com$cognitect$transit$impl$decoder$Decoder:Js
com$cognitect$transit$impl$decoder$Tag:Is
com$cognitect$transit$impl$reader$JSONUnmarshaller:Ms
com$cognitect$transit$impl$reader$Reader:Ns
com$cognitect$transit$impl$writer$JSONMarshaller:lt
com$cognitect$transit$impl$writer$Writer:tt
com$cognitect$transit$impl$writer$emitMap:st
com$cognitect$transit$impl$writer$emitObjects:nt
com$cognitect$transit$impl$writer$isForeignObject:rt
com$cognitect$transit$impl$writer$isStringableKey:pt
com$cognitect$transit$impl$writer$marshal:ot
com$cognitect$transit$impl$writer$stringableKeys:qt
com$cognitect$transit$reader:ut
com$cognitect$transit$types$ITERATOR:ns
com$cognitect$transit$types$Keyword:ss
com$cognitect$transit$types$MAX_INT:qs
com$cognitect$transit$types$MIN_INT:rs
com$cognitect$transit$types$Symbol:ts
com$cognitect$transit$types$TaggedValue:os
com$cognitect$transit$types$TransitArrayMap:As
com$cognitect$transit$types$TransitArrayMapIterator:ws
com$cognitect$transit$types$TransitMap:zs
com$cognitect$transit$types$TransitMapIterator:xs
com$cognitect$transit$types$TransitSet:Gs
com$cognitect$transit$types$UUID:vs
com$cognitect$transit$types$hexFor:us
com$cognitect$transit$types$map:Fs
com$cognitect$transit$types$mapEquals:ys
com$cognitect$transit$types$print:Bs
com$cognitect$transit$types$printMap:Cs
com$cognitect$transit$types$printSet:Ds
com$cognitect$transit$types$set:Hs
com$cognitect$transit$types$taggedValue:ps
com$cognitect$transit$util$isArray:$r
com$cognitect$transit$util$objectKeys:Zr
com$cognitect$transit$util$randHex:as
com$cognitect$transit$writer:vt
cur$jscomp$inline_2391:Kw
docMode$jscomp$inline_1360:Cp
documentMode$jscomp$inline_1374:Dp
goog:sg
goog$Disposable:nq
goog$Disposable$MonitoringMode$OFF:oq
goog$Disposable$instances_:pq
goog$NONCE_PATTERN_:Ch
goog$Promise:Vp
goog$Promise$CallbackEntry_:$p
goog$Promise$CancellationError:dq
goog$Promise$State_$FULFILLED:Yp
goog$Promise$State_$PENDING:Wp
goog$Promise$State_$REJECTED:Zp
goog$Promise$addUnhandledRejection_:kq
goog$Promise$freelist_:aq
goog$Promise$getCallbackEntry_:bq
goog$Promise$handleRejection_:mq
goog$Promise$invokeCallback_:lq
goog$Promise$tryThen_:jq
goog$Thenable$isImplementedBy:np
goog$Timer$callOnce:hr
goog$UID_PROPERTY_:ha
goog$Uri:Kk
goog$Uri$QueryData:Ok
goog$Uri$decodeOrEmpty_:Nk
goog$Uri$encodeChar_:Vk
goog$Uri$encodeSpecialChars_:Pk
goog$Uri$reDisallowedInAbsolutePath_:Rk
goog$Uri$reDisallowedInFragment_:Tk
goog$Uri$reDisallowedInQuery_:Uk
goog$Uri$reDisallowedInRelativePath_:Sk
goog$Uri$reDisallowedInSchemeOrUserInfo_:Qk
goog$async$Deferred:Dr
goog$async$Deferred$AlreadyCalledError:Jr
goog$async$Deferred$CanceledError:Fr
goog$async$Deferred$Error_:Nr
goog$async$Deferred$errorMap_:Mr
goog$async$FreeList:op
goog$async$WorkItem:qp
goog$async$WorkQueue:pp
goog$async$WorkQueue$freelist_:rp
goog$async$nextTick:Mp
goog$async$nextTick$getSetImmediateEmulator_:Op
goog$async$nextTick$setImmediate_:Np
goog$async$run:Pp
goog$async$run$initializeRunner_:Rp
goog$async$run$processWorkQueue:Up
goog$async$run$schedule_:Qp
goog$async$run$workQueueScheduled_:Sp
goog$async$run$workQueue_:Tp
goog$async$throwException:Lp
goog$bind:Dj
goog$bindJs_:Cj
goog$bindNative_:Bj
goog$crypt$base64$HAS_NATIVE_ENCODE_:hv
goog$crypt$base64$byteToCharMaps_:fv
goog$crypt$base64$charToByteMap_:gv
goog$cspNonce_:wj
goog$debug$Trace_:Iq
goog$debug$Trace_$Event_:Jq
goog$debug$Trace_$Stat_:Kq
goog$debug$Trace_$TRACE_CANCELLED_:Oq
goog$debug$Trace_$formatTime_:Nq
goog$debug$Trace_$longToPaddedString_:Mq
goog$dom$DIRECT_ATTRIBUTE_MAP_:Jp
goog$dom$createElement_:Kp
goog$dom$safe$setScriptSrc:vk
goog$dom$setProperties:Ip
goog$events$BrowserEvent:vq
goog$events$BrowserEvent$IE_POINTER_TYPE_MAP:wq
goog$events$BrowserFeature$HAS_W3C_EVENT_SUPPORT:rq
goog$events$BrowserFeature$PASSIVE_EVENTS:tq
goog$events$BrowserFeature$SET_KEY_CODE_TO_PREVENT_DEFAULT:sq
goog$events$Event:uq
goog$events$EventTarget:fr
goog$events$LISTENER_MAP_PROP_:Qq
goog$events$LISTENER_WRAPPER_PROP_:er
goog$events$Listenable$IMPLEMENTED_BY_PROP:xq
goog$events$ListenableKey$counter_:yq
goog$events$Listener:zq
goog$events$ListenerMap:Bq
goog$events$ListenerMap$findListenerIndex_:Cq
goog$events$fireListener:dr
goog$events$fireListeners_:cr
goog$events$getListenerMap_:Xq
goog$events$getOnString_:Zq
goog$events$getProxy:Yq
goog$events$handleBrowserEvent_:$q
goog$events$listen:Tq
goog$events$listenOnce:Uq
goog$events$listen_:Wq
goog$events$listenerCountEstimate_:Sq
goog$events$onStringMap_:Rq
goog$events$unlisten:ar
goog$events$unlistenByKey:br
goog$events$wrapListener:Vq
goog$getScriptNonce_:xj
goog$getUid:ea
goog$global:ba
goog$html$TrustedResourceUrl:ik
goog$html$TrustedResourceUrl$CONSTRUCTOR_TOKEN_PRIVATE_:hk
goog$html$TrustedResourceUrl$URL_PARAM_PARSER_:kk
goog$html$TrustedResourceUrl$stringifyParams_:lk
goog$html$TrustedResourceUrl$unwrapTrustedScriptURL:jk
goog$html$trustedtypes$cachedPolicy_:gk
goog$identity_:Fj
goog$inherits:Ej
goog$isArrayLike:zj
goog$isObject:Aj
goog$iter$Iterator:Bk
goog$iter$StopIteration:Ak
goog$iter$forEach:Dk
goog$iter$toIterator:Ck
goog$labs$userAgent$browser$matchChrome_:uk
goog$labs$userAgent$browser$matchFirefox_:tk
goog$labs$userAgent$platform$isIphone:sp
goog$labs$userAgent$util$matchUserAgent:sk
goog$labs$userAgent$util$userAgent_:pk
goog$net$DefaultXmlHttpFactory:mr
goog$net$Jsonp:Ur
goog$net$Jsonp$cleanup_:Yr
goog$net$Jsonp$newErrorHandler_:Xr
goog$net$Jsonp$newReplyHandler_:Wr
goog$net$Jsonp$scriptCounter_:Vr
goog$net$XhrIo:or
goog$net$XhrIo$HTTP_SCHEME_PATTERN:qr
goog$net$XhrIo$METHODS_WITH_FORM_DATA:rr
goog$net$XhrIo$ResponseType$DEFAULT:pr
goog$net$XhrIo$buildProgressEvent_:Br
goog$net$XhrIo$isContentTypeHeader_:ck
goog$net$XhrIo$shouldUseXhr2Timeout_:ur
goog$net$XmlHttp$factory_:lr
goog$net$XmlHttpFactory:ir
goog$net$jsloader$Error:Qr
goog$net$jsloader$ErrorCode$LOAD_ERROR:Sr
goog$net$jsloader$ErrorCode$TIMEOUT:Rr
goog$net$jsloader$cancel_:Er
goog$net$jsloader$cleanup_:Pr
goog$net$jsloader$getScriptParentElement_:Tr
goog$net$jsloader$safeLoad:Or
goog$nullFunction:yj
goog$object$PROTOTYPE_FIELDS_:ma
goog$object$extend:oa
goog$object$forEach:fk
goog$object$get:la
goog$object$getKeys:ka
goog$reflect$cache:Ij
goog$reflect$sinkValue:Hj
goog$string$StringBuffer:pa
goog$string$capitalize:xk
goog$string$internal$compareElements_:ok
goog$string$internal$isEmptyOrWhitespace:mk
goog$string$internal$trim:nk
goog$string$makeSafe:wk
goog$structs$Map:Ek
goog$structs$Map$defaultEquals:Hk
goog$structs$Map$hasKey_:Gk
goog$structs$SimplePool:Eq
goog$structs$forEach:zk
goog$structs$getValues:yk
goog$typeOf:r
goog$uidCounter_:ia
goog$uri$utils$parseQueryData:Jk
goog$uri$utils$splitRe_:Ik
goog$userAgent$DOCUMENT_MODE:Hp
goog$userAgent$EDGE:vp
goog$userAgent$GECKO:wp
goog$userAgent$IE:up
goog$userAgent$OPERA:tp
goog$userAgent$VERSION:Ap
goog$userAgent$WEBKIT:xp
goog$userAgent$getDocumentMode_:zp
goog$userAgent$isVersionOrHigher:Ep
goog$userAgent$isVersionOrHigherCache_:Jj
goog$userAgent$product$SAFARI:ev
hierarchy__4716__auto__$jscomp$inline_2268:cn
method_cache__4714__auto__$jscomp$inline_2266:Ps
method_table__4712__auto__$jscomp$inline_2264:dn
module$contents$goog$array_concat:dk
module$contents$goog$array_find:bk
module$contents$goog$array_forEach:Zj
module$contents$goog$array_indexOf:Yj
module$contents$goog$array_some:ak
module$contents$goog$array_toArray:ek
module$contents$goog$debug$Error_DebugError:Gj
module$contents$goog$math$Long_Long:Lj
module$contents$goog$math$Long_Long$fromBits:Kj
module$contents$goog$math$Long_Long$fromNumber:Mj
module$contents$goog$math$Long_Long$fromString:Rj
module$contents$goog$math$Long_MAX_VALUE_:Nj
module$contents$goog$math$Long_MIN_VALUE_:Oj
module$contents$goog$math$Long_NEG_ONE_:Wj
module$contents$goog$math$Long_ONE_:Vj
module$contents$goog$math$Long_ZERO_:Qj
module$node_modules$react$index:xh
module$node_modules$react_dom$index:qj
navigator$jscomp$inline_1356:gn
navigator$jscomp$inline_368:qk
no$en$core$pow:kv
no$en$core$url_decode:jv
no$en$core$url_encode:iv
object$jscomp$inline_2387:Iw
part$jscomp$inline_2392:Lw
parts$jscomp$inline_2390:Jw
prefer_table__4713__auto__$jscomp$inline_2265:en
reagent:Dh
reagent$dom$render$cljs$0core$0IFn$0_invoke$0arity$03:tj
reagent$dom$render_comp:sj
reagent$dom$roots:rj
reagent$impl:Eh
reagent$impl$batching$compare_mount_order:Sh
reagent$impl$batching$fake_raf:Qh
reagent$impl$batching$mount_count:Ph
reagent$impl$batching$next_tick:Rh
reagent$impl$batching$queue_render:Zh
reagent$impl$batching$ratom_flush:Th
reagent$impl$batching$render_queue:Yh
reagent$impl$batching$run_funs:Uh
reagent$impl$component$_STAR_current_component_STAR_:zi
reagent$impl$component$built_in_static_method_names:Yf
reagent$impl$component$cache_react_class:Li
reagent$impl$component$camelify_map_keys:Gi
reagent$impl$component$cljsify:Ji
reagent$impl$component$create_class:Ki
reagent$impl$component$custom_wrapper:Di
reagent$impl$component$dash_to_method_name:Fi
reagent$impl$component$functional_render:Ni
reagent$impl$component$functional_render_fn:Pi
reagent$impl$component$functional_render_memo_fn:Oi
reagent$impl$component$functional_wrap_render:Mi
reagent$impl$component$map_to_js:Ii
reagent$impl$component$obligatory:Ei
reagent$impl$component$props_argv:Ai
reagent$impl$component$rat_opts:yi
reagent$impl$component$reagent_class_QMARK_:Bi
reagent$impl$component$wrap_funs:Hi
reagent$impl$component$wrap_render:Ci
reagent$impl$input$input_component_set_value:Si
reagent$impl$input$input_handle_change:Ti
reagent$impl$input$input_node_set_value:Ri
reagent$impl$input$input_render_setup:Ui
reagent$impl$input$input_spec:Vi
reagent$impl$input$these_inputs_have_selection_api:Qi
reagent$impl$protocols$as_element:bi
reagent$impl$protocols$get_id:$h
reagent$impl$protocols$make_element:ci
reagent$impl$protocols$parse_tag:ai
reagent$impl$template:Wi
reagent$impl$template$HiccupTag:gj
reagent$impl$template$cache_get:$i
reagent$impl$template$cached_parse:lj
reagent$impl$template$convert_custom_prop_value:ej
reagent$impl$template$convert_prop_value:bj
reagent$impl$template$custom_kv_conv:dj
reagent$impl$template$custom_prop_name_cache:cj
reagent$impl$template$default_compiler:pj
reagent$impl$template$expand_seq:nj
reagent$impl$template$function_element:ij
reagent$impl$template$kv_conv:aj
reagent$impl$template$make_element:fj
reagent$impl$template$maybe_function_element:jj
reagent$impl$template$native_element:mj
reagent$impl$template$prop_name_cache:Zi
reagent$impl$template$re_tag:Yi
reagent$impl$template$reag_element:hj
reagent$impl$template$t_reagent$0impl$0template41250:Xi
reagent$impl$template$tag_name_cache:kj
reagent$impl$template$vec_to_elem:oj
reagent$impl$util$_STAR_always_update_STAR_:Mh
reagent$impl$util$capitalize:Hh
reagent$impl$util$class_names:Lh
reagent$impl$util$dash_to_prop_name:Ih
reagent$impl$util$dont_camel_case:Gh
reagent$impl$util$fun_name:Jh
reagent$impl$util$get_react_key:Nh
reagent$impl$util$is_client:Fh
reagent$impl$util$named_QMARK_:Kh
reagent$impl$util$react_key_from_vec:Oh
reagent$ratom$RAtom:mi
reagent$ratom$Reaction:qi
reagent$ratom$_STAR_ratom_context_STAR_:ei
reagent$ratom$add_w:hi
reagent$ratom$atom:ni
reagent$ratom$deref_capture:fi
reagent$ratom$dispose_BANG_:oi
reagent$ratom$flush_BANG_:ti
reagent$ratom$handle_reaction_change:Qb
reagent$ratom$make_reaction:vi
reagent$ratom$notify_deref_watcher_BANG_:gi
reagent$ratom$notify_w:ji
reagent$ratom$pr_atom:ki
reagent$ratom$rea_queue:li
reagent$ratom$remove_w:ii
reagent$ratom$run_in_reaction:xi
reagent$ratom$temp_reaction:wi
rhex$jscomp$inline_1554:Gp
shadow$js$files:th
shadow$js$jsRequire:wh
shadow$js$nativeRequires:uh
shadow$js$requireStack:vh
ui$core$handle_request:Hw
ui$core$home_page:uj
ui$core$scramblies_form:vj
userAgent$jscomp$inline_369:rk
version$jscomp$inline_1358:yp
