Buffer:Pf
ESC:Kh
__hash:v
__iterator__:Qf
_entries:rd
_hash:eb
_keys:ze
_marshaller:Me
_meta:va
_name:xd
_next:Xa
_rest:Jb
_seq:pb
accesses:rg
active_:ee
actualEventTarget_:eh
add_BANG_:Jd
add_left:sg
add_right:tg
afn:l
afterRender:Ab
always:lf
arr:hd
arrayBuilder:Ae
ascending_QMARK_:ke
auto_run:wa
backingMap:qd
balance_left:ug
balance_right:vg
beforeFlush:vc
bitmap:N
blacken:Wd
blockable:wg
blocked_:Rf
blocking_:fh
branches_:Sf
bucket:le
bucketIdx:fe
buf:Kb
buf_len:Tf
buf_pos:Od
buffer_:Ya
cacheSize:gh
cachedOptions_:xg
cached_hierarchy:mf
callOnce:nf
callbackEntriesTail_:Be
callbackEntries_:ge
callbackParamName_:hh
captured:Lb
caught:Mb
cause:yg
cb:zg
chunk:xa
chunk_next:Pd
ci:Ne
cleanupWhenDone:ih
cljs$core$APersistentVector$:Nb
cljs$core$Fn$:wc
cljs$core$IAssociative$:xc
cljs$core$IAssociative$_assoc$arity$3:ya
cljs$core$IAssociative$_contains_key_QMARK_$arity$2:Za
cljs$core$IChunk$_drop_first$arity$1:cc
cljs$core$IChunkedNext$_chunked_next$arity$1:dc
cljs$core$IChunkedSeq$:Uc
cljs$core$IChunkedSeq$_chunked_first$arity$1:Ob
cljs$core$IChunkedSeq$_chunked_rest$arity$1:Bb
cljs$core$ICloneable$_clone$arity$1:Cd
cljs$core$ICollection$:Vc
cljs$core$ICollection$_conj$arity$2:ba
cljs$core$ICounted$:yc
cljs$core$ICounted$_count$arity$1:Y
cljs$core$IDeref$_deref$arity$1:Sa
cljs$core$IEditableCollection$:zc
cljs$core$IEditableCollection$_as_transient$arity$1:fb
cljs$core$IEmptyableCollection$:Ac
cljs$core$IEmptyableCollection$_empty$arity$1:od
cljs$core$IEncodeClojure$:Lh
cljs$core$IEncodeClojure$_js__GT_clj$arity$2:jh
cljs$core$IEncodeJS$:Bc
cljs$core$IEncodeJS$_clj__GT_js$arity$1:Cc
cljs$core$IEquiv$_equiv$arity$2:P
cljs$core$IFind$:he
cljs$core$IFind$_find$arity$2:gb
cljs$core$IFn$:Wc
cljs$core$IFn$_invoke$arity$0:A
cljs$core$IFn$_invoke$arity$1:g
cljs$core$IFn$_invoke$arity$10:za
cljs$core$IFn$_invoke$arity$11:Aa
cljs$core$IFn$_invoke$arity$12:Ba
cljs$core$IFn$_invoke$arity$13:Ca
cljs$core$IFn$_invoke$arity$14:Da
cljs$core$IFn$_invoke$arity$15:Ea
cljs$core$IFn$_invoke$arity$16:Fa
cljs$core$IFn$_invoke$arity$17:Ga
cljs$core$IFn$_invoke$arity$18:Ha
cljs$core$IFn$_invoke$arity$19:Ia
cljs$core$IFn$_invoke$arity$2:h
cljs$core$IFn$_invoke$arity$20:Ja
cljs$core$IFn$_invoke$arity$22:ec
cljs$core$IFn$_invoke$arity$3:j
cljs$core$IFn$_invoke$arity$4:G
cljs$core$IFn$_invoke$arity$5:K
cljs$core$IFn$_invoke$arity$6:Ka
cljs$core$IFn$_invoke$arity$7:La
cljs$core$IFn$_invoke$arity$8:Ma
cljs$core$IFn$_invoke$arity$9:Na
cljs$core$IFn$_invoke$arity$variadic:ld
cljs$core$IHash$:Xc
cljs$core$IHash$_hash$arity$1:S
cljs$core$IIndexed$:fc
cljs$core$IIndexed$_nth$arity$2:I
cljs$core$IIndexed$_nth$arity$3:Z
cljs$core$IIterable$:Yc
cljs$core$IIterable$_iterator$arity$1:na
cljs$core$IKVReduce$:Zc
cljs$core$IKVReduce$_kv_reduce$arity$3:qb
cljs$core$IList$:$c
cljs$core$ILookup$:Dc
cljs$core$ILookup$_lookup$arity$2:O
cljs$core$ILookup$_lookup$arity$3:C
cljs$core$IMap$:ad
cljs$core$IMap$_dissoc$arity$2:Pb
cljs$core$IMapEntry$:bd
cljs$core$IMapEntry$_key$arity$1:Ec
cljs$core$IMapEntry$_val$arity$1:Fc
cljs$core$IMeta$:Gc
cljs$core$IMeta$_meta$arity$1:T
cljs$core$INamed$:hc
cljs$core$INamed$_name$arity$1:Oe
cljs$core$INamed$_namespace$arity$1:Pe
cljs$core$INext$:rb
cljs$core$INext$_next$arity$1:ja
cljs$core$IPrintWithWriter$:aa
cljs$core$IPrintWithWriter$_pr_writer$arity$3:R
cljs$core$IRecord$:cd
cljs$core$IReduce$:Hc
cljs$core$IReduce$_reduce$arity$2:ha
cljs$core$IReduce$_reduce$arity$3:ia
cljs$core$IReset$_reset_BANG_$arity$2:pa
cljs$core$ISeq$:hb
cljs$core$ISeq$_first$arity$1:ka
cljs$core$ISeq$_rest$arity$1:la
cljs$core$ISeqable$:Ic
cljs$core$ISeqable$_seq$arity$1:U
cljs$core$ISequential$:ic
cljs$core$ISet$:dd
cljs$core$ISet$_disjoin$arity$2:jc
cljs$core$IStack$_peek$arity$1:ib
cljs$core$IStack$_pop$arity$1:jb
cljs$core$ISwap$_swap_BANG_$arity$2:Qb
cljs$core$ISwap$_swap_BANG_$arity$3:Rb
cljs$core$ISwap$_swap_BANG_$arity$4:Sb
cljs$core$ISwap$_swap_BANG_$arity$5:Tb
cljs$core$ITransientAssociative$_assoc_BANG_$arity$3:kb
cljs$core$ITransientCollection$_conj_BANG_$arity$2:lb
cljs$core$ITransientCollection$_persistent_BANG_$arity$1:sb
cljs$core$IVector$:ed
cljs$core$IVector$_assoc_n$arity$3:$a
cljs$core$IWatchable$_add_watch$arity$3:Cb
cljs$core$IWatchable$_notify_watches$arity$3:Ub
cljs$core$IWatchable$_remove_watch$arity$2:Db
cljs$core$IWithMeta$_with_meta$arity$2:W
cljs$core$IWriter$_write$arity$2:kc
cljs$core$async$impl$protocols$Buffer$add_BANG__STAR_$arity$2:Ag
cljs$core$async$impl$protocols$Channel$close_BANG_$arity$1:Qe
cljs$core$async$impl$protocols$Handler$active_QMARK_$arity$1:Bg
cljs$core$async$impl$protocols$Handler$blockable_QMARK_$arity$1:Uf
cljs$core$async$impl$protocols$Handler$commit$arity$1:Cg
cljs$core$async$impl$protocols$ReadPort$take_BANG_$arity$2:Vf
cljs$core$async$impl$protocols$WritePort$put_BANG_$arity$3:pf
cljs$lang$applyTo:J
cljs$lang$ctorPrWriter:Vb
cljs$lang$ctorStr:mb
cljs$lang$maxFixedArity:H
cljs$lang$protocol_mask$partition$:lc
cljs$lang$protocol_mask$partition0$:jd
cljs$lang$protocol_mask$partition1$:B
cljs$lang$type:Eb
cljs$tools$reader$reader_types$IPushbackReader$unread$arity$2:Dg
cljs$tools$reader$reader_types$IndexingReader$:Mh
cljs$tools$reader$reader_types$IndexingReader$get_column_number$arity$1:kh
cljs$tools$reader$reader_types$IndexingReader$get_file_name$arity$1:lh
cljs$tools$reader$reader_types$IndexingReader$get_line_number$arity$1:mh
cljs$tools$reader$reader_types$Reader$peek_char$arity$1:Re
cljs$tools$reader$reader_types$Reader$read_char$arity$1:me
cljsDOMValue:Fb
cljsInputDirty:mc
cljsInputLive:Wb
cljsLegacyRender:Jc
cljsMountOrder:Xb
cljsRenderedValue:Kc
cljsState:Lc
cnt:o
coll:qf
collision_hash:Oa
com$cognitect$transit$equals:Kd
com$cognitect$transit$hashCode:Qd
comment:nh
commentCount_:Eg
comp:Hd
completed:Wf
componentQueue:Gb
containsKey:Ce
continue_:Fg
count_:wd
createObject:Xf
createObjectFn_:Yf
create_:oh
custom:Mc
decoder:ph
defaultHandler:Zf
defaultScope_:Gg
default_dispatch_val:qh
defaults:Se
deferred_:Hg
dirty_QMARK_:Ta
dirty_puts:rf
dirty_takes:sf
dispatch_fn:kd
dispose:Ig
disposeInternal:ne
disposeObjectFn_:Jg
disposed_:Te
domain_:ie
edit:M
editable_QMARK_:nb
encodedQuery_:Id
ensure_editable:ab
equals:Ud
errorDispatched_:$f
error_:tf
eventPool_:ag
eventTargetListeners_:Xd
eventType:bg
event_:Ue
events_:Ve
executeCallbacks_:rh
executing_:cg
finalize:uf
fired_:De
fn:tb
fn_to_element:nc
forceChunk:We
fqn:oa
fragment_:oe
freeQueue_:Xe
fromArray:pe
front:Bd
fseq:Ee
gen:Ye
getCount:dg
getKeys:Dd
getListener:eg
getValues:Vd
hadError_:Ze
hadUnhandledRejection_:vf
handler:Fd
handlerForForeign:$e
handlers:zd
hasNext:ca
has_nil_QMARK_:ea
hashCode:sd
hash_map:Pa
head_:wf
hierarchy:xf
high_:pd
i:s
idPool_:Kg
id_:qe
idx:ud
ieProgId_:Lg
ignoreCase_:Ld
implementsGoogStringTypedString:sh
inAbort_:re
inOpen_:fg
inSend_:yf
init:Fe
inode_assoc:qa
inode_assoc_BANG_:ra
inode_find:ub
inode_lookup:Ua
inode_seq:vb
inode_without:wb
inputEl:Yb
isEmpty:se
isReadOnly_:th
iter:ob
keyMap_:yd
keySet:te
keys_:Ad
kv_reduce:xb
lastErrorCode_:ue
lastError_:ve
lastUri_:zf
len:bb
limit_:uh
low_:td
mapBuilder:Md
map_:Rd
marshaller:vh
maxCount_:Mg
meta28088:wh
meta28114:xh
meta28246:yh
meta39640:Nc
meta41251:Oc
method_cache:Af
method_table:Bf
more:sa
mseq:F
multi:zh
nextId_:Ah
next_entry:yb
next_iter:ta
nil_val:fa
nocache_QMARK_:oc
nodes:ua
nonce_:Ng
ns:zb
obj:gg
objectBuilder:Og
occupants_:Cf
off:da
onCancelFunction_:Pg
onDisposeCallbacks_:Ge
onFulfilled:af
onProgressHandler_:Qg
onReadyStateChangeEntryPoint_:Bh
onReadyStateChange_:Rg
onRejected:He
on_dispose:pc
on_dispose_arr:fd
on_set:Pc
opts:Qc
outstandingEvents_:bf
parentEventTarget_:hg
parent_:Gd
parse_fn:Hb
path_:Yd
port_:we
preferBuffers:ig
preferStrings:Df
prefer_table:Ch
prev_seed:jg
privateDoNotAccessOrElseTrustedResourceUrlWrappedValue_:Sg
progressEventsEnabled_:Tg
propagationStopped_:xe
puts:Zd
queryData_:Nd
rdr:Ug
reagent$impl$protocols$Compiler$as_element$arity$2:qc
reagent$impl$protocols$Compiler$get_id$arity$1:Rc
reagent$impl$protocols$Compiler$make_element$arity$5:rc
reagent$impl$protocols$Compiler$parse_tag$arity$3:sc
reagent$ratom$IDisposable$dispose_BANG_$arity$1:Zb
reagentInput:Sc
reagentRefFn:tc
reagentRender:Va
rear:Ed
redden:cf
removeAllListeners:Vg
removed:Ie
rep:nd
reset_:Dh
responseType_:Ef
rest:Qa
result_:$d
riter:df
root_iter:uc
s:D
s_len:Wg
s_pos:Je
sb:Tc
scheduled_QMARK_:Ib
scheme_:ae
script_:Xg
seed:Ff
seen:$b
sequence_:Gf
setIgnoreCase:kg
silentlyCanceled_:lg
sourceIter:mg
startTime_:Yg
statPool_:Zg
state_:Sd
stats_:ef
stopTime:Nh
str:Wa
stringRep:vd
superClass_:ff
takes:Ke
throwError:Eh
timeoutId_:Hf
timeoutInterval_:gf
timeout_:je
totalVarAlloc:Fh
traceCallbacks_:ng
tracerCount_:$g
tracerOverheadComment_:ah
tracerOverheadEnd_:bh
tracerOverheadStart_:dh
transient_map:Ra
tree:be
tree_map:ce
typeCount_:hf
unblockAndFulfill_:Gh
unblockAndReject_:Hh
unhandledErrorId_:If
unicode:gd
unmarshaller:Ih
unpack:Jf
uri_:Jh
useXhr2Timeout_:og
userInfo_:ye
uuid:de
v:X
val:V
validator:ac
vals:Kf
varAlloc:pg
vec:ma
verbose:jf
version_:kf
wasCancelled:Oh
watches:ga
watchesArr:bc
watching:cb
withCredentials_:qg
workHead_:Le
workTail_:Lf
xf:Td
xform:Mf
xhrOptions_:Nf
xhr_:md
xmlHttpFactory_:Of
