JSCompiler_StaticMethods__peek_at:ri
JSCompiler_StaticMethods__run:pi
JSCompiler_StaticMethods__set_opts:si
JSCompiler_StaticMethods_add_after_render:Xh
JSCompiler_StaticMethods_assoc_BANG_:Tf
JSCompiler_StaticMethods_cljs$core$ITransientVector$_assoc_n_BANG_$arity$3:df
JSCompiler_StaticMethods_flush_after_render:Vh
JSCompiler_StaticMethods_schedule:Wh
JSCompiler_StaticMethods_sval:Md
JSCompiler_prototypeAlias:g
L 0:a
L 1:b
L 10:n
L 11:q
L 12:t
L 13:x
L 14:F
L 15:J
L 16:U
L 17:aa
L 18:ja
L 19:ua
L 2:c
L 20:Ha
L 21:da
L 22:p
L 23:y
L 24:A
L 25:C
L 26:E
L 27:G
L 28:H
L 29:N
L 3:d
L 30:P
L 31:S
L 32:T
L 33:Y
L 34:ca
L 35:fa
L 36:na
L 37:ta
L 38:Aa
L 39:Ga
L 4:e
L 40:Za
L 41:Eb
L 42:Fc
L 43:Nd
L 5:f
L 6:h
L 7:k
L 8:l
L 9:m
cljs:qa
cljs$core:ra
cljs$core$ArrayChunk:Pd
cljs$core$ArrayNode:Df
cljs$core$ArrayNodeIterator:Hf
cljs$core$ArrayNodeSeq:Of
cljs$core$Atom:pe
cljs$core$BitmapIndexedNode:zf
cljs$core$BitmapIndexedNode$EMPTY:Cf
cljs$core$Box:sf
cljs$core$ChunkBuffer:Od
cljs$core$ChunkedCons:Qd
cljs$core$ChunkedSeq:Ye
cljs$core$Cons:Hd
cljs$core$ES6EntriesIterator:hf
cljs$core$ES6Iterator:xc
cljs$core$ES6IteratorSeq:zc
cljs$core$ES6SetEntriesIterator:jf
cljs$core$EmptyList:Gd
cljs$core$Fn:Qa
cljs$core$HashCollisionNode:Lf
cljs$core$HashMapIter:Qf
cljs$core$HashSetIter:$f
cljs$core$IAssociative:hb
cljs$core$ICollection:Wa
cljs$core$ICounted:Sa
cljs$core$IEmptyableCollection:Ua
cljs$core$IEncodeJS:zg
cljs$core$IFn:Ra
cljs$core$IIndexed:Ya
cljs$core$IIndexed$_nth$dyn_40789:ab
cljs$core$IIterable:bc
cljs$core$IKVReduce:Cb
cljs$core$IList:Kb
cljs$core$ILookup:eb
cljs$core$ILookup$_lookup$dyn_40795:gb
cljs$core$IMap:lb
cljs$core$IMeta:wb
cljs$core$INIT:je
cljs$core$INext:db
cljs$core$IPrintWithWriter:Nb
cljs$core$IRecord:Lb
cljs$core$IReduce:zb
cljs$core$IReduce$_reduce$dyn_40820:Bb
cljs$core$ISeq:bb
cljs$core$ISeqable:Hb
cljs$core$ISequential:Jb
cljs$core$ISet:pb
cljs$core$ISwap$_swap_BANG_$dyn_40874:ac
cljs$core$ITER_SYMBOL:La
cljs$core$IVector:tb
cljs$core$IndexedSeq:sc
cljs$core$IndexedSeqIterator:Sc
cljs$core$KeySeq:Uf
cljs$core$Keyword:K
cljs$core$LazySeq:Ld
cljs$core$List:Yc
cljs$core$List$EMPTY:vc
cljs$core$MapEntry:Le
cljs$core$MetaFn:dd
cljs$core$NeverEquiv:ef
cljs$core$NodeIterator:yf
cljs$core$NodeSeq:Mf
cljs$core$PROTOCOL_SENTINEL:u
cljs$core$PersistentArrayMap:za
cljs$core$PersistentArrayMap$EMPTY:ie
cljs$core$PersistentArrayMap$HASHMAP_THRESHOLD:pf
cljs$core$PersistentArrayMapIterator:lf
cljs$core$PersistentArrayMapSeq:kf
cljs$core$PersistentHashMap:Rf
cljs$core$PersistentHashMap$EMPTY:qf
cljs$core$PersistentHashSet:ag
cljs$core$PersistentHashSet$EMPTY:cg
cljs$core$PersistentVector:Z
cljs$core$PersistentVector$EMPTY:Xc
cljs$core$PersistentVector$EMPTY_NODE:Me
cljs$core$PersistentVector$fromArray:Se
cljs$core$RangedIterator:He
cljs$core$Reduced:Gc
cljs$core$START:ke
cljs$core$SeqIter:le
cljs$core$StringBufferWriter:dc
cljs$core$Subvec:$e
cljs$core$Symbol:pc
cljs$core$TransientArrayMap:of
cljs$core$TransientHashMap:Sf
cljs$core$TransientHashSet:bg
cljs$core$TransientVector:Ne
cljs$core$ValSeq:Vf
cljs$core$VectorNode:we
cljs$core$_EQ_:wc
cljs$core$_STAR_print_fn_STAR_:va
cljs$core$_STAR_print_level_STAR_:xa
cljs$core$_STAR_print_newline_STAR_:wa
cljs$core$__destructure_map:fe
cljs$core$_add_watch:Pb
cljs$core$_as_transient:Sb
cljs$core$_assoc:jb
cljs$core$_assoc_BANG_:Vb
cljs$core$_assoc_n:ub
cljs$core$_chunked_first:Xb
cljs$core$_chunked_rest:Yb
cljs$core$_clj__GT_js:Ag
cljs$core$_conj:Xa
cljs$core$_conj_BANG_:Tb
cljs$core$_contains_key_QMARK_:ib
cljs$core$_count:Ta
cljs$core$_deref:vb
cljs$core$_disjoin:qb
cljs$core$_dissoc:mb
cljs$core$_drop_first:Wb
cljs$core$_empty:Va
cljs$core$_equiv:Fb
cljs$core$_find:kb
cljs$core$_first:D
cljs$core$_hash:Gb
cljs$core$_indexOf$cljs$0core$0IFn$0_invoke$0arity$03:R
cljs$core$_iterator:cc
cljs$core$_key:nb
cljs$core$_kv_reduce:Db
cljs$core$_lastIndexOf$cljs$0core$0IFn$0_invoke$0arity$03:W
cljs$core$_lookup:fb
cljs$core$_meta:xb
cljs$core$_nth:$a
cljs$core$_peek:rb
cljs$core$_persistent_BANG_:Ub
cljs$core$_pop:sb
cljs$core$_pr_writer:Ob
cljs$core$_reduce:Ab
cljs$core$_remove_watch:Rb
cljs$core$_reset_BANG_:Zb
cljs$core$_rest:cb
cljs$core$_seq:Ib
cljs$core$_swap_BANG_:$b
cljs$core$_val:ob
cljs$core$_with_meta:yb
cljs$core$_write:Mb
cljs$core$aclone:Ma
cljs$core$apply:ed
cljs$core$apply$cljs$0core$0IFn$0_invoke$0arity$02:be
cljs$core$apply$cljs$0core$0IFn$0_invoke$0arity$03:ce
cljs$core$apply$cljs$0core$0IFn$0_invoke$0arity$05:de
cljs$core$apply$cljs$0core$0IFn$0_invoke$0arity$0variadic:ee
cljs$core$apply_to:Wd
cljs$core$apply_to_simple$cljs$0core$0IFn$0_invoke$0arity$03:Yd
cljs$core$apply_to_simple$cljs$0core$0IFn$0_invoke$0arity$04:Zd
cljs$core$apply_to_simple$cljs$0core$0IFn$0_invoke$0arity$05:$d
cljs$core$apply_to_simple$cljs$0core$0IFn$0_invoke$0arity$06:ae
cljs$core$array_QMARK_:Ja
cljs$core$array__GT_transient_hash_map:rf
cljs$core$array_copy:qd
cljs$core$array_for:Ee
cljs$core$array_index_of:ad
cljs$core$array_reduce$cljs$0core$0IFn$0_invoke$0arity$02:Lc
cljs$core$array_reduce$cljs$0core$0IFn$0_invoke$0arity$03:Mc
cljs$core$array_reduce$cljs$0core$0IFn$0_invoke$0arity$04:Nc
cljs$core$assoc:$c
cljs$core$bit_count:Fd
cljs$core$boolean$0:sd
cljs$core$bounded_count:Td
cljs$core$build_subvec:af
cljs$core$char_escapes:jg
cljs$core$chunk_append:Sd
cljs$core$chunk_cons:Rd
cljs$core$chunked_seq:Re
cljs$core$chunked_seq$cljs$0core$0IFn$0_invoke$0arity$04:Qe
cljs$core$chunked_seq$cljs$0core$0IFn$0_invoke$0arity$05:Ze
cljs$core$chunked_seq_QMARK_:pd
cljs$core$ci_reduce$cljs$0core$0IFn$0_invoke$0arity$02:Jc
cljs$core$ci_reduce$cljs$0core$0IFn$0_invoke$0arity$03:Kc
cljs$core$clj__GT_js:Cg
cljs$core$clone_and_set$cljs$0core$0IFn$0_invoke$0arity$03:uf
cljs$core$coll_QMARK_:jd
cljs$core$conj:Wc
cljs$core$conj_BANG_:Vd
cljs$core$cons:Uc
cljs$core$contains_QMARK_:vd
cljs$core$count:V
cljs$core$counted_QMARK_:Oc
cljs$core$create_array_node_seq:Jf
cljs$core$create_array_node_seq$cljs$0core$0IFn$0_invoke$0arity$01:If
cljs$core$create_array_node_seq$cljs$0core$0IFn$0_invoke$0arity$03:Pf
cljs$core$create_inode_seq:Bf
cljs$core$create_inode_seq$cljs$0core$0IFn$0_invoke$0arity$01:Af
cljs$core$create_inode_seq$cljs$0core$0IFn$0_invoke$0arity$03:Nf
cljs$core$create_node:Ff
cljs$core$create_node$cljs$0core$0IFn$0_invoke$0arity$06:Gf
cljs$core$create_node$cljs$0core$0IFn$0_invoke$0arity$07:Ef
cljs$core$deref:Ic
cljs$core$disj:hd
cljs$core$dissoc:bd
cljs$core$do_assoc:Fe
cljs$core$drop$cljs$0core$0IFn$0_invoke$0arity$02:te
cljs$core$drop_last$cljs$0core$0IFn$0_invoke$0arity$02:ue
cljs$core$edit_and_set$cljs$0core$0IFn$0_invoke$0arity$04:wf
cljs$core$empty_QMARK_:id
cljs$core$empty_ordered_hash:Bc
cljs$core$empty_unordered_hash:Dc
cljs$core$enable_console_print_BANG_:Ia
cljs$core$equiv_map:gf
cljs$core$equiv_sequential:Tc
cljs$core$es6_iterator:yc
cljs$core$es6_iterator_seq:tc
cljs$core$every_QMARK_:me
cljs$core$first:O
cljs$core$fn_QMARK_:cd
cljs$core$gensym$cljs$0core$0IFn$0_invoke$0arity$01:yg
cljs$core$gensym_counter:xg
cljs$core$get:I
cljs$core$hash:nc
cljs$core$hash_collision_node_find_index:Kf
cljs$core$hash_combine:oc
cljs$core$hash_map:ge
cljs$core$hash_ordered_coll:Ac
cljs$core$hash_string:mc
cljs$core$hash_unordered_coll:Cc
cljs$core$identity:Cd
cljs$core$ifn_QMARK_:td
cljs$core$imul:fc
cljs$core$inc:Ec
cljs$core$indexed_QMARK_:Pc
cljs$core$inode_kv_reduce:xf
cljs$core$integer_QMARK_:ud
cljs$core$into:ve
cljs$core$into_array$cljs$0core$0IFn$0_invoke$0arity$02:Na
cljs$core$iter_reduce$cljs$0core$0IFn$0_invoke$0arity$02:yd
cljs$core$iter_reduce$cljs$0core$0IFn$0_invoke$0arity$03:zd
cljs$core$iterable_QMARK_:rc
cljs$core$keep$cljs$0core$0IFn$0_invoke$0arity$02:oe
cljs$core$key:Ve
cljs$core$key__GT_js$cljs$0core$0IFn$0_invoke$0arity$02:Bg
cljs$core$key_test:tf
cljs$core$keys:mf
cljs$core$keyword:Jd
cljs$core$lift_ns:ug
cljs$core$linear_traversal_nth$cljs$0core$0IFn$0_invoke$0arity$03:Zc
cljs$core$lookup_sentinel:rd
cljs$core$m3_fmix:ic
cljs$core$m3_hash_unencoded_chars:jc
cljs$core$m3_mix_H1:hc
cljs$core$m3_mix_K1:gc
cljs$core$map:se
cljs$core$map_QMARK_:md
cljs$core$map_entry_QMARK_:Ue
cljs$core$merge:Wf
cljs$core$meta:gd
cljs$core$missing_protocol:z
cljs$core$name:Kd
cljs$core$namespace:Id
cljs$core$native_satisfies_QMARK_:w
cljs$core$never_equiv:ff
cljs$core$new_path:Ae
cljs$core$next:Q
cljs$core$next_STAR_:Xd
cljs$core$nil_iter:he
cljs$core$nth:Rc
cljs$core$nth$cljs$0core$0IFn$0_invoke$0arity$02:Qc
cljs$core$nth$cljs$0core$0IFn$0_invoke$0arity$03:X
cljs$core$pop_tail:Ge
cljs$core$pr_opts:ya
cljs$core$pr_sequential_writer:fg
cljs$core$pr_str_STAR_:ec
cljs$core$pr_str_with_opts:rg
cljs$core$pr_writer:ng
cljs$core$pr_writer_impl:mg
cljs$core$prim_seq$cljs$0core$0IFn$0_invoke$0arity$02:Vc
cljs$core$print_map:og
cljs$core$print_meta_QMARK_:lg
cljs$core$print_prefix_map:vg
cljs$core$println$cljs$0core$0IFn$0_invoke$0arity$0variadic:sg
cljs$core$push_tail:Be
cljs$core$pv_clone_node:ye
cljs$core$pv_fresh_node:xe
cljs$core$pv_reduce$cljs$0core$0IFn$0_invoke$0arity$04:Je
cljs$core$pv_reduce$cljs$0core$0IFn$0_invoke$0arity$05:Ke
cljs$core$quot:Ed
cljs$core$quote_string:kg
cljs$core$ranged_iterator:Ie
cljs$core$re_matches:eg
cljs$core$record_QMARK_:nd
cljs$core$reduce:Pa
cljs$core$reduce$cljs$0core$0IFn$0_invoke$0arity$02:Ad
cljs$core$reduce$cljs$0core$0IFn$0_invoke$0arity$03:Oa
cljs$core$reduce_kv:Bd
cljs$core$reduced_QMARK_:Hc
cljs$core$remove_pair:vf
cljs$core$reset_BANG_:qe
cljs$core$rest:uc
cljs$core$select_keys:Xf
cljs$core$seq:M
cljs$core$seq_reduce$cljs$0core$0IFn$0_invoke$0arity$02:wd
cljs$core$seq_reduce$cljs$0core$0IFn$0_invoke$0arity$03:xd
cljs$core$sequential_QMARK_:ld
cljs$core$set:dg
cljs$core$set_QMARK_:kd
cljs$core$some:ne
cljs$core$spread:Ud
cljs$core$str:B
cljs$core$string_hash_cache:kc
cljs$core$string_hash_cache_count:lc
cljs$core$string_print:ig
cljs$core$strip_ns:tg
cljs$core$swap_BANG_:re
cljs$core$symbol:qc
cljs$core$t_cljs$0core39639:sa
cljs$core$tail_off:ze
cljs$core$transduce$cljs$0core$0IFn$0_invoke$0arity$04:Dd
cljs$core$truth_:v
cljs$core$tv_editable_root:Oe
cljs$core$tv_editable_tail:Pe
cljs$core$tv_ensure_editable:bf
cljs$core$tv_push_tail:cf
cljs$core$type__GT_str:Ka
cljs$core$unchecked_array_for:De
cljs$core$val:We
cljs$core$vals:nf
cljs$core$vec:Te
cljs$core$vector:Xe
cljs$core$vector_QMARK_:od
cljs$core$vector_index_out_of_bounds:Ce
cljs$core$with_meta:fd
cljs$core$write_all$cljs$0core$0IFn$0_invoke$0arity$0variadic:hg
cljs$cst$keyword$alt_DASH_impl:pg
cljs$cst$keyword$auto_DASH_run:Gg
cljs$cst$keyword$br:Og
cljs$cst$keyword$callback:sh
cljs$cst$keyword$childContextTypes:Lg
cljs$cst$keyword$class:Ng
cljs$cst$keyword$className:oh
cljs$cst$keyword$cljsLegacyRender:Qg
cljs$cst$keyword$cljs_DOT_core_SLASH_not_DASH_found:Zf
cljs$cst$keyword$componentWillUnmount:ch
cljs$cst$keyword$component_DASH_did_DASH_update:Yg
cljs$cst$keyword$component_DASH_will_DASH_unmount:nh
cljs$cst$keyword$constructor:Kg
cljs$cst$keyword$contextType:dh
cljs$cst$keyword$contextTypes:kh
cljs$cst$keyword$displayName:Hg
cljs$cst$keyword$display_DASH_name:jh
cljs$cst$keyword$div:hh
cljs$cst$keyword$dup:Ea
cljs$cst$keyword$fallback_DASH_impl:qg
cljs$cst$keyword$flush_DASH_on_DASH_newline:Ba
cljs$cst$keyword$form:eh
cljs$cst$keyword$function_DASH_components:$g
cljs$cst$keyword$getDerivedStateFromError:Jg
cljs$cst$keyword$getDerivedStateFromProps:fh
cljs$cst$keyword$getInitialState:Ug
cljs$cst$keyword$h2:Xg
cljs$cst$keyword$id:mh
cljs$cst$keyword$input:Mg
cljs$cst$keyword$key:bh
cljs$cst$keyword$keyword_DASH_fn:Dg
cljs$cst$keyword$meta:Da
cljs$cst$keyword$more_DASH_marker:gg
cljs$cst$keyword$name:Sg
cljs$cst$keyword$no_DASH_cache:Wg
cljs$cst$keyword$on_DASH_change:Eg
cljs$cst$keyword$on_DASH_click:Pg
cljs$cst$keyword$on_DASH_dispose:Ig
cljs$cst$keyword$on_DASH_set:Vg
cljs$cst$keyword$on_DASH_submit:ph
cljs$cst$keyword$on_DASH_write:ah
cljs$cst$keyword$parse_DASH_tag:qh
cljs$cst$keyword$placeholder:Tg
cljs$cst$keyword$print_DASH_length:Fa
cljs$cst$keyword$readably:Ca
cljs$cst$keyword$reagentRender:Rg
cljs$cst$keyword$reagent_DASH_render:Zg
cljs$cst$keyword$render:Fg
cljs$cst$keyword$shouldComponentUpdate:lh
cljs$cst$keyword$type:rh
cljs$cst$keyword$val:wg
cljs$cst$keyword$validator:gh
cljs$cst$keyword$value:ih
clojure$set$difference:di
clojure$string$join$cljs$0core$0IFn$0_invoke$0arity$02:Bh
clojure$string$replace:Ah
clojure$string$replace_all:yh
clojure$string$replace_with:zh
clojure$string$split$cljs$0core$0IFn$0_invoke$0arity$03:Ch
cur$jscomp$inline_1332:yj
goog$UID_PROPERTY_:ha
goog$getUid:ea
goog$global:ba
goog$object$PROTOTYPE_FIELDS_:ma
goog$object$extend:oa
goog$object$get:la
goog$object$getKeys:ka
goog$string$StringBuffer:pa
goog$typeOf:r
goog$uidCounter_:ia
module$node_modules$react$index:xh
module$node_modules$react_dom$index:qj
object$jscomp$inline_1328:wj
part$jscomp$inline_1333:zj
parts$jscomp$inline_1331:xj
reagent:Dh
reagent$dom$render$cljs$0core$0IFn$0_invoke$0arity$03:tj
reagent$dom$render_comp:sj
reagent$dom$roots:rj
reagent$impl:Eh
reagent$impl$batching$compare_mount_order:Sh
reagent$impl$batching$fake_raf:Qh
reagent$impl$batching$mount_count:Ph
reagent$impl$batching$next_tick:Rh
reagent$impl$batching$queue_render:Zh
reagent$impl$batching$ratom_flush:Th
reagent$impl$batching$render_queue:Yh
reagent$impl$batching$run_funs:Uh
reagent$impl$component$_STAR_current_component_STAR_:zi
reagent$impl$component$built_in_static_method_names:Yf
reagent$impl$component$cache_react_class:Li
reagent$impl$component$camelify_map_keys:Gi
reagent$impl$component$cljsify:Ji
reagent$impl$component$create_class:Ki
reagent$impl$component$custom_wrapper:Di
reagent$impl$component$dash_to_method_name:Fi
reagent$impl$component$functional_render:Ni
reagent$impl$component$functional_render_fn:Pi
reagent$impl$component$functional_render_memo_fn:Oi
reagent$impl$component$functional_wrap_render:Mi
reagent$impl$component$map_to_js:Ii
reagent$impl$component$obligatory:Ei
reagent$impl$component$props_argv:Ai
reagent$impl$component$rat_opts:yi
reagent$impl$component$reagent_class_QMARK_:Bi
reagent$impl$component$wrap_funs:Hi
reagent$impl$component$wrap_render:Ci
reagent$impl$input$input_component_set_value:Si
reagent$impl$input$input_handle_change:Ti
reagent$impl$input$input_node_set_value:Ri
reagent$impl$input$input_render_setup:Ui
reagent$impl$input$input_spec:Vi
reagent$impl$input$these_inputs_have_selection_api:Qi
reagent$impl$protocols$as_element:bi
reagent$impl$protocols$get_id:$h
reagent$impl$protocols$make_element:ci
reagent$impl$protocols$parse_tag:ai
reagent$impl$template:Wi
reagent$impl$template$HiccupTag:gj
reagent$impl$template$cache_get:$i
reagent$impl$template$cached_parse:lj
reagent$impl$template$convert_custom_prop_value:ej
reagent$impl$template$convert_prop_value:bj
reagent$impl$template$custom_kv_conv:dj
reagent$impl$template$custom_prop_name_cache:cj
reagent$impl$template$default_compiler:pj
reagent$impl$template$expand_seq:nj
reagent$impl$template$function_element:ij
reagent$impl$template$kv_conv:aj
reagent$impl$template$make_element:fj
reagent$impl$template$maybe_function_element:jj
reagent$impl$template$native_element:mj
reagent$impl$template$prop_name_cache:Zi
reagent$impl$template$re_tag:Yi
reagent$impl$template$reag_element:hj
reagent$impl$template$t_reagent$0impl$0template41250:Xi
reagent$impl$template$tag_name_cache:kj
reagent$impl$template$vec_to_elem:oj
reagent$impl$util$_STAR_always_update_STAR_:Mh
reagent$impl$util$capitalize:Hh
reagent$impl$util$class_names:Lh
reagent$impl$util$dash_to_prop_name:Ih
reagent$impl$util$dont_camel_case:Gh
reagent$impl$util$fun_name:Jh
reagent$impl$util$get_react_key:Nh
reagent$impl$util$is_client:Fh
reagent$impl$util$named_QMARK_:Kh
reagent$impl$util$react_key_from_vec:Oh
reagent$ratom$RAtom:mi
reagent$ratom$Reaction:qi
reagent$ratom$_STAR_ratom_context_STAR_:ei
reagent$ratom$add_w:hi
reagent$ratom$atom:ni
reagent$ratom$deref_capture:fi
reagent$ratom$dispose_BANG_:oi
reagent$ratom$flush_BANG_:ti
reagent$ratom$handle_reaction_change:Qb
reagent$ratom$make_reaction:vi
reagent$ratom$notify_deref_watcher_BANG_:gi
reagent$ratom$notify_w:ji
reagent$ratom$pr_atom:ki
reagent$ratom$rea_queue:li
reagent$ratom$remove_w:ii
reagent$ratom$run_in_reaction:xi
reagent$ratom$temp_reaction:wi
shadow$js$files:th
shadow$js$jsRequire:wh
shadow$js$nativeRequires:uh
shadow$js$requireStack:vh
ui$core$home_page:uj
ui$core$scramblies_form:vj
